"ID","INTERFACENUMBER","NAME","STATICIPADDRESS","VIP","STATICIPPOOL","NETWORKMASK","VRRP","NICID"
