"ID","TRANSLATEDPORT","PROTOCOLTYPE","PROTOCOLORIGINALPORT","PROTOCOLICMPTYPE"
"1","22","TCP","22",""
"2","80","TCP","80",""
"3","443","TCP","443",""
