"ID","NAME","VERSION","ENVIRONMENTCONTAINERID"
"1","HO_IPT_NP_PRP1","1.0","2"
