"ID","VMNAME","COMPUTERNAME","DESCRIPTION","TEMPLATENAME","TEMPLATESERVICELEVEL","STORAGEPROFILE","CUSTOMISATIONSCRIPT","CPUCOUNT","MEMORY","MEMORYUNIT","HARDWAREPROFILE","VIRTUALMACHINECONTAINERID","HATYPE"
