"ID","INDEXNUMBER","PRIMARYNIC","IPASSIGNMENT","VIRTUALMACHINEID","NETWORKNAME"
