"ID","NAME","ENVIRONMENTCONTAINERDEFINITIONID"
"1","Home Office IPT NP (IL2-PROD-STANDARD)","1"
