"ID","NAME","NOTES","VALIDATED","ENVIRONMENTCONTAINERID","ENVIRONMENTGROUPNAME"
