"ID","NAME","DESCRIPTION","RUNTIMELEASE","STORAGELEASE","SERVICELEVEL","POWERON","DEPLOY","ENVIRONMENTDEFINITIONID","DOMAIN","DATACENTRENAME"
"1","HO_IPT_NP_PRP1_MABC","Management Boundary Control for IPT NP PRP1","","","Home Office IPT NP (IL2-PROD-BASIC)","TRUE","TRUE","1","","Home Office IPT NP (IL2-PROD-STANDARD)"
