"ID","TRANSLATEDPORT","PROTOCOLTYPE","PROTOCOLORIGINALPORT","PROTOCOLICMPTYPE"
