"ID","APPLIEDON","ORIGINALSOURCEIPORRANGE","TRANSLATEDSOURCEIPORRANGE","ENABLED","GATEWAYID"
