"ID","INDEXNUMBER","SIZE","SIZEUNIT","BUSTYPE","BUSSUBTYPE","DEVICEMOUNT","VIRTUALMACHINEID"
"1","1","50","GB","","","","1"
"2","1","50","GB","","","","2"
