"ID","NAME","NOTES","VALIDATED","ENVIRONMENTCONTAINERID","ENVIRONMENTGROUPNAME"
"1","HO_IPT_NP_PRP1_MABC","HO_IPT_NP_PRP1 environment","FALSE","1","HO_IPT_NP_PRP1"
"2","HO_IPT_NP_PRP1A","HO_IPT_NP_PRP1A environment","FALSE","1","HO_IPT_NP_PRP1A"
