"ID","NAME","DESCRIPTION","FENCEMODE","NETWORKMASK","GATEWAYADDRESS","PRIMARYDNS","SECONDARYDNS","DNSSUFFIX","STATICIPPOOL","IPRANGESTART","IPRANGEEND","CIDR","SHARED","DATACENTRENAME","VIRTUALMACHINECONTAINERID","DATACENTREID"
"1","HO_IPT_NP_MFWAH0_HBT","","ISOLATED","255.255.255.0","10.0.101.3","","","np-prp1-dabc.ipt.ho.local","","10.0.101.1","10.0.101.2","","TRUE","Home Office IPT NP (IL2-PROD-STANDARD)","1",
