"ID","NAME","VERSION","DEFINITIONTYPE","ENVIRONMENTID","CIDR"
"1","HO_IPT_NP_PRP1_MABC","1.0","Physical","1","10.0.101.0/16"
