"ID","NAME","PROVIDER"
"1","np","SKYSCAPE"
"2","np","AWS"
