"ID","NAME","DESCRIPTION","FENCEMODE","NETWORKMASK","GATEWAYADDRESS","PRIMARYDNS","SECONDARYDNS","DNSSUFFIX","STATICIPPOOL","IPRANGESTART","IPRANGEEND","CIDR","SHARED","PEERNETWORKNAME","PEERENVIRONMENTNAME","DATACENTRENAME","ENVIRONMENTCONTAINERDEFINITIONID","GATEWAYID","DATACENTREID"
