<?xml version="1.0" encoding="UTF-8" standalone="yes"?>
<GeographicContainer id="_1" xmlns="http://ebsa.ipt.com/AgnosticCloudConfig-1.0">
    <account>Home Office</account>
    <region>IPT</region>
    <EnvironmentContainer id="_2">
        <name>np</name>
        <provider>AWS</provider>
        <Environment environmentContainerDefinitionId="_3" id="_22">
            <name>HO_IPT_NP_PRP1</name>
            <notes>HO_IPT_NP_PRP1 environment</notes>
            <EnvironmentDefinition environmentDefinitionType="Physical" id="_23">
                <name>HO_IPT_NP_PRP1</name>
                <version>1.0</version>
                <cidr>10.0.101.0/16</cidr>
                <VirtualMachineContainer dataCenterName="Home Office IPT NP (IL2-PROD-STANDARD)" dataCenterId="_4" id="_24">
                    <name>HO_IPT_NP_PRP1_MABC</name>
                    <description>Management Boundary Control for IPT NP PRP1</description>
                    <runtimeLease></runtimeLease>
                    <storageLease></storageLease>
                    <serviceLevel>Home Office IPT NP (IL2-PROD-BASIC)</serviceLevel>
                    <powerOn>true</powerOn>
                    <deploy>true</deploy>
                    <domain></domain>
                    <VirtualMachine id="_26">
                        <vmName>mfwam01.np-prp1-mabc.ipt.ho.local</vmName>
                        <computerName>mfwam01.np-prp1-mabc.ipt.ho.local</computerName>
                        <description>Firewall</description>
                        <templateName>EBSA-TEMPLATES-VYATTA-VSE6.6R5-32</templateName>
                        <templateServiceLevel>Home Office IPT NP (IL2-DEVTEST-BASIC)</templateServiceLevel>
                        <storageProfile>9-76-1-BASIC-Any</storageProfile>
                        <customisationScript>/var/lib/jenkins/jobs/retrieve_configuration/workspace/customise.vyatta.sh</customisationScript>
                        <cpuCount>2</cpuCount>
                        <memory>4</memory>
                        <memoryUnit>GB</memoryUnit>
                        <hardwareProfile>m3.large</hardwareProfile>
                        <hatype></hatype>
                        <Storage id="_34">
                            <indexNumber>1</indexNumber>
                            <size>50</size>
                            <sizeUnit>GB</sizeUnit>
                            <busType></busType>
                            <busSubType></busSubType>
                            <deviceMount></deviceMount>
                        </Storage>
                        <NIC networkName="HO_IPT_NP_TLG1_MEBC_APP_I1" networkID="_13" id="_27">
                            <indexNumber>0</indexNumber>
                            <primary>true</primary>
                            <ipAssignment>StaticManual</ipAssignment>
                            <Interface>
                                <staticIpPool></staticIpPool>
                                <networkMask></networkMask>
                                <name>HO_IPT_NP_TLG1_MEBC_APP_I1</name>
                                <staticIpAddress>10.16.15.33</staticIpAddress>
                                <isVip>false</isVip>
                            </Interface>
                            <Interface>
                                <staticIpPool>10.16.15.34/44</staticIpPool>
                                <networkMask>255.255.255.0</networkMask>
                                <name>HO_IPT_NP_TLG1_MEBC_APP_I1</name>
                                <staticIpAddress>10.16.15.34</staticIpAddress>
                                <isVip>true</isVip>
                                <VRRP>10</VRRP>
                            </Interface>
                        </NIC>
                        <NIC networkName="HO_IPT_NP_PRP1_COBC_MABC_MAN_I1" networkID="_14" id="_28">
                            <indexNumber>1</indexNumber>
                            <primary>false</primary>
                            <ipAssignment>StaticManual</ipAssignment>
                            <Interface>
                                <interfaceNumber>1</interfaceNumber>
                                <staticIpPool>10.32.128.2/22</staticIpPool>
                                <networkMask>255.255.255.0</networkMask>
                                <name>HO_IPT_NP_PRP1_COBC_MABC_MAN_I1</name>
                                <staticIpAddress>10.32.128.2</staticIpAddress>
                                <isVip>false</isVip>
                            </Interface>
                        </NIC>
                        <NIC networkName="HO_IPT_NP_PRP1_PRZO_MABC_MAN_I1" networkID="_15" id="_29">
                            <indexNumber>2</indexNumber>
                            <primary>false</primary>
                            <ipAssignment>StaticManual</ipAssignment>
                            <Interface>
                                <staticIpPool></staticIpPool>
                                <networkMask></networkMask>
                                <name>HO_IPT_NP_PRP1_PRZO_MABC_MAN_I1</name>
                                <staticIpAddress>10.32.144.2</staticIpAddress>
                                <isVip>false</isVip>
                            </Interface>
                        </NIC>
                        <NIC networkName="HO_IPT_NP_PRP1_DABC_MABC_MAN_I1" networkID="_16" id="_30">
                            <indexNumber>2</indexNumber>
                            <primary>false</primary>
                            <ipAssignment>StaticManual</ipAssignment>
                            <Interface>
                                <staticIpPool></staticIpPool>
                                <networkMask></networkMask>
                                <name>HO_IPT_NP_PRP1_DABC_MABC_MAN_I1</name>
                                <staticIpAddress>10.32.160.2</staticIpAddress>
                                <isVip>false</isVip>
                            </Interface>
                        </NIC>
                        <NIC networkName="HO_IPT_NP_PRP1_DAZO_MABC_MAN_I1" networkID="_17" id="_31">
                            <indexNumber>3</indexNumber>
                            <primary>false</primary>
                            <ipAssignment>StaticManual</ipAssignment>
                            <Interface>
                                <staticIpPool></staticIpPool>
                                <networkMask></networkMask>
                                <name>HO_IPT_NP_PRP1_DAZO_MABC_MAN_I1</name>
                                <staticIpAddress>10.32.176.2</staticIpAddress>
                                <isVip>false</isVip>
                            </Interface>
                        </NIC>
                        <NIC networkName="HO_IPT_NP_PRP1_ESZO_MABC_MAN_I1" networkID="_18" id="_32">
                            <indexNumber>4</indexNumber>
                            <primary>false</primary>
                            <ipAssignment>StaticManual</ipAssignment>
                            <Interface>
                                <staticIpPool></staticIpPool>
                                <networkMask></networkMask>
                                <name>HO_IPT_NP_PRP1_ESZO_MABC_MAN_I1</name>
                                <staticIpAddress>10.32.192.2</staticIpAddress>
                                <isVip>false</isVip>
                            </Interface>
                        </NIC>
                        <NIC networkName="HO_IPT_NP_MFWAH0_HBT" networkID="_25" id="_33">
                            <indexNumber>5</indexNumber>
                            <primary>false</primary>
                            <ipAssignment>StaticManual</ipAssignment>
                            <Interface>
                                <staticIpPool></staticIpPool>
                                <networkMask></networkMask>
                                <name>HO_IPT_NP_MFWAH0_HBT</name>
                                <staticIpAddress>10.0.101.1</staticIpAddress>
                                <isVip>false</isVip>
                            </Interface>
                        </NIC>
                    </VirtualMachine>
                    <VirtualMachine id="_35">
                        <vmName>mfwam02.np-prp1-mabc.ipt.ho.local</vmName>
                        <computerName>mfwam02.np-prp1-mabc.ipt.ho.local</computerName>
                        <description></description>
                        <templateName>EBSA-TEMPLATES-VYATTA-VSE6.6R5-32</templateName>
                        <templateServiceLevel>Home Office IPT NP (IL2-DEVTEST-BASIC)</templateServiceLevel>
                        <storageProfile>9-76-1-BASIC-Any</storageProfile>
                        <customisationScript>/var/lib/jenkins/jobs/retrieve_configuration/workspace/customise.vyatta.sh</customisationScript>
                        <cpuCount>2</cpuCount>
                        <memory>4</memory>
                        <memoryUnit>GB</memoryUnit>
                        <hardwareProfile>m3.large</hardwareProfile>
                        <hatype></hatype>
                        <Storage id="_43">
                            <indexNumber>1</indexNumber>
                            <size>50</size>
                            <sizeUnit>GB</sizeUnit>
                            <busType></busType>
                            <busSubType></busSubType>
                            <deviceMount></deviceMount>
                        </Storage>
                        <NIC networkName="HO_IPT_NP_TLG1_MEBC_APP_I1" networkID="_13" id="_36">
                            <indexNumber>0</indexNumber>
                            <primary>true</primary>
                            <ipAssignment>StaticManual</ipAssignment>
                            <Interface>
                                <staticIpPool></staticIpPool>
                                <networkMask></networkMask>
                                <name>HO_IPT_NP_TLG1_MEBC_APP_I1</name>
                                <staticIpAddress>10.16.15.34</staticIpAddress>
                                <isVip>false</isVip>
                            </Interface>
                        </NIC>
                        <NIC networkName="HO_IPT_NP_PRP1_COBC_MABC_MAN_I1" networkID="_14" id="_37">
                            <indexNumber>1</indexNumber>
                            <primary>false</primary>
                            <ipAssignment>StaticManual</ipAssignment>
                            <Interface>
                                <staticIpPool></staticIpPool>
                                <networkMask></networkMask>
                                <name>HO_IPT_NP_PRP1_COBC_MABC_MAN_I1</name>
                                <staticIpAddress>10.32.128.3</staticIpAddress>
                                <isVip>false</isVip>
                            </Interface>
                        </NIC>
                        <NIC networkName="HO_IPT_NP_PRP1_PRZO_MABC_MAN_I1" networkID="_15" id="_38">
                            <indexNumber>2</indexNumber>
                            <primary>false</primary>
                            <ipAssignment>StaticManual</ipAssignment>
                            <Interface>
                                <staticIpPool></staticIpPool>
                                <networkMask></networkMask>
                                <name>HO_IPT_NP_PRP1_PRZO_MABC_MAN_I1</name>
                                <staticIpAddress>10.32.144.3</staticIpAddress>
                                <isVip>false</isVip>
                            </Interface>
                        </NIC>
                        <NIC networkName="HO_IPT_NP_PRP1_DABC_MABC_MAN_I1" networkID="_16" id="_39">
                            <indexNumber>2</indexNumber>
                            <primary>false</primary>
                            <ipAssignment>StaticManual</ipAssignment>
                            <Interface>
                                <staticIpPool></staticIpPool>
                                <networkMask></networkMask>
                                <name>HO_IPT_NP_PRP1_DABC_MABC_MAN_I1</name>
                                <staticIpAddress>10.32.160.3</staticIpAddress>
                                <isVip>false</isVip>
                            </Interface>
                        </NIC>
                        <NIC networkName="HO_IPT_NP_PRP1_DAZO_MABC_MAN_I1" networkID="_17" id="_40">
                            <indexNumber>3</indexNumber>
                            <primary>false</primary>
                            <ipAssignment>StaticManual</ipAssignment>
                            <Interface>
                                <staticIpPool></staticIpPool>
                                <networkMask></networkMask>
                                <name>HO_IPT_NP_PRP1_DAZO_MABC_MAN_I1</name>
                                <staticIpAddress>10.32.176.3</staticIpAddress>
                                <isVip>false</isVip>
                            </Interface>
                        </NIC>
                        <NIC networkName="HO_IPT_NP_PRP1_ESZO_MABC_MAN_I1" networkID="_18" id="_41">
                            <indexNumber>4</indexNumber>
                            <primary>false</primary>
                            <ipAssignment>StaticManual</ipAssignment>
                            <Interface>
                                <staticIpPool></staticIpPool>
                                <networkMask></networkMask>
                                <name>HO_IPT_NP_PRP1_ESZO_MABC_MAN_I1</name>
                                <staticIpAddress>10.32.192.3</staticIpAddress>
                                <isVip>false</isVip>
                            </Interface>
                        </NIC>
                        <NIC networkName="HO_IPT_NP_MFWAH0_HBT" networkID="_25" id="_42">
                            <indexNumber>5</indexNumber>
                            <primary>false</primary>
                            <ipAssignment>StaticManual</ipAssignment>
                            <Interface>
                                <staticIpPool></staticIpPool>
                                <networkMask></networkMask>
                                <name>HO_IPT_NP_MFWAH0_HBT</name>
                                <staticIpAddress>10.0.101.2</staticIpAddress>
                                <isVip>false</isVip>
                            </Interface>
                        </NIC>
                    </VirtualMachine>
                    <Network dataCenterName="Home Office IPT NP (IL2-PROD-STANDARD)" dataCenterId="_4" id="_25">
                        <name>HO_IPT_NP_MFWAH0_HBT</name>
                        <description></description>
                        <fenceMode>ISOLATED</fenceMode>
                        <networkMask>255.255.255.0</networkMask>
                        <gatewayAddress>10.0.101.3</gatewayAddress>
                        <primaryDns></primaryDns>
                        <secondaryDns></secondaryDns>
                        <dnsSuffix>np-prp1-dabc.ipt.ho.local</dnsSuffix>
                        <staticIpPool></staticIpPool>
                        <ipRangeStart>10.0.101.1</ipRangeStart>
                        <ipRangeEnd>10.0.101.2</ipRangeEnd>
                        <CIDR></CIDR>
                        <shared>true</shared>
                    </Network>
                </VirtualMachineContainer>
            </EnvironmentDefinition>
        </Environment>
        <EnvironmentContainerDefinition id="_3">
            <name>HO_IPT_NP_PRP1</name>
            <version>1.0</version>
            <Network gatewayId="_5" dataCenterName="Home Office IPT NP (IL2-PROD-STANDARD)" dataCenterId="_4" id="_13">
                <name>HO_IPT_NP_TLG1_MEBC_APP_I1</name>
                <description>Isolated network that connects the MEBC to other Management VApps</description>
                <fenceMode>ISOLATED</fenceMode>
                <networkMask>255.255.255.0</networkMask>
                <gatewayAddress>10.16.15.1</gatewayAddress>
                <primaryDns>10.16.16.7</primaryDns>
                <secondaryDns></secondaryDns>
                <dnsSuffix></dnsSuffix>
                <staticIpPool></staticIpPool>
                <ipRangeStart>10.16.15.2</ipRangeStart>
                <ipRangeEnd>10.16.15.254</ipRangeEnd>
                <CIDR></CIDR>
                <shared>true</shared>
                <peerNetworkName>HO_IPT_NP_PRP1_COBC_MABC_MAN_I1</peerNetworkName>
                <peerEnvironmentName>Environment_2</peerEnvironmentName>
            </Network>
            <Network gatewayId="_5" dataCenterName="Home Office IPT NP (IL2-PROD-STANDARD)" dataCenterId="_4" id="_14">
                <name>HO_IPT_NP_PRP1_COBC_MABC_MAN_I1</name>
                <description>Isolated network - Core Boundary Control to the Management Boundary Control in PRP1</description>
                <fenceMode>ISOLATED</fenceMode>
                <networkMask>255.255.255.0</networkMask>
                <gatewayAddress>10.32.128.1</gatewayAddress>
                <primaryDns>10.16.16.7</primaryDns>
                <secondaryDns></secondaryDns>
                <dnsSuffix></dnsSuffix>
                <staticIpPool></staticIpPool>
                <ipRangeStart>10.32.128.2</ipRangeStart>
                <ipRangeEnd>10.32.128.254</ipRangeEnd>
                <CIDR></CIDR>
                <shared>true</shared>
                <peerNetworkName>HO_IPT_NP_TLG1_MEBC_APP_I1</peerNetworkName>
                <peerEnvironmentName>Environment_2</peerEnvironmentName>
            </Network>
            <Network gatewayId="_5" dataCenterName="Home Office IPT NP (IL2-PROD-STANDARD)" dataCenterId="_4" id="_15">
                <name>HO_IPT_NP_PRP1_PRZO_MABC_MAN_I1</name>
                <description>Isolated network - Private Application Zone to the Management Boundary Control in PRP1</description>
                <fenceMode>ISOLATED</fenceMode>
                <networkMask>255.255.255.0</networkMask>
                <gatewayAddress>10.32.144.1</gatewayAddress>
                <primaryDns>10.16.16.7</primaryDns>
                <secondaryDns></secondaryDns>
                <dnsSuffix></dnsSuffix>
                <staticIpPool></staticIpPool>
                <ipRangeStart>10.32.144.2</ipRangeStart>
                <ipRangeEnd>10.32.144.254</ipRangeEnd>
                <CIDR></CIDR>
                <shared>true</shared>
            </Network>
            <Network gatewayId="_5" dataCenterName="Home Office IPT NP (IL2-PROD-STANDARD)" dataCenterId="_4" id="_16">
                <name>HO_IPT_NP_PRP1_DABC_MABC_MAN_I1</name>
                <description>Isolated network - Data Boundary Control to the Management Boundary Control in PRP1</description>
                <fenceMode>ISOLATED</fenceMode>
                <networkMask>255.255.255.0</networkMask>
                <gatewayAddress>10.32.160.1</gatewayAddress>
                <primaryDns>10.16.16.7</primaryDns>
                <secondaryDns></secondaryDns>
                <dnsSuffix></dnsSuffix>
                <staticIpPool></staticIpPool>
                <ipRangeStart>10.32.160.2</ipRangeStart>
                <ipRangeEnd>10.32.160.254</ipRangeEnd>
                <CIDR></CIDR>
                <shared>true</shared>
            </Network>
            <Network gatewayId="_5" dataCenterName="Home Office IPT NP (IL2-PROD-STANDARD)" dataCenterId="_4" id="_17">
                <name>HO_IPT_NP_PRP1_DAZO_MABC_MAN_I1</name>
                <description>Isolated network - Data Zone to the Management Boundary Control in PRP1</description>
                <fenceMode>ISOLATED</fenceMode>
                <networkMask>255.255.255.0</networkMask>
                <gatewayAddress>10.32.176.1</gatewayAddress>
                <primaryDns>10.16.16.7</primaryDns>
                <secondaryDns></secondaryDns>
                <dnsSuffix></dnsSuffix>
                <staticIpPool></staticIpPool>
                <ipRangeStart>10.32.176.2</ipRangeStart>
                <ipRangeEnd>10.32.176.254</ipRangeEnd>
                <CIDR></CIDR>
                <shared>true</shared>
            </Network>
            <Network gatewayId="_5" dataCenterName="Home Office IPT NP (IL2-PROD-STANDARD)" dataCenterId="_4" id="_18">
                <name>HO_IPT_NP_PRP1_ESZO_MABC_MAN_I1</name>
                <description>Isolated network - External Simulator Zone to the Management Boundary Control in PRP1</description>
                <fenceMode>ISOLATED</fenceMode>
                <networkMask>255.255.255.0</networkMask>
                <gatewayAddress>10.32.192.1</gatewayAddress>
                <primaryDns>10.16.16.7</primaryDns>
                <secondaryDns></secondaryDns>
                <dnsSuffix></dnsSuffix>
                <staticIpPool></staticIpPool>
                <ipRangeStart>10.32.192.2</ipRangeStart>
                <ipRangeEnd>10.32.192.254</ipRangeEnd>
                <CIDR></CIDR>
                <shared>true</shared>
            </Network>
            <Network gatewayId="_5" dataCenterName="Home Office IPT NP (IL2-PROD-STANDARD)" dataCenterId="_4" id="_19">
                <name>HO_IPT_NP_PRP1_COBC_DABC_APP_I1</name>
                <description>Isolated network - Core Boundary Control to the Data Boundary Control in PRP1</description>
                <fenceMode>ISOLATED</fenceMode>
                <networkMask>255.255.255.0</networkMask>
                <gatewayAddress>10.32.15.1</gatewayAddress>
                <primaryDns></primaryDns>
                <secondaryDns></secondaryDns>
                <dnsSuffix></dnsSuffix>
                <staticIpPool></staticIpPool>
                <ipRangeStart>10.32.15.2</ipRangeStart>
                <ipRangeEnd>10.32.15.254</ipRangeEnd>
                <CIDR></CIDR>
                <shared>true</shared>
            </Network>
            <Network gatewayId="_5" dataCenterName="Home Office IPT NP (IL2-PROD-STANDARD)" dataCenterId="_4" id="_20">
                <name>HO_IPT_NP_PRP1_DABC_DAZO_APP_I1</name>
                <description>Isolated network - Data Boundary Control to the Data Zone in PRP1</description>
                <fenceMode>ISOLATED</fenceMode>
                <networkMask>255.255.255.0</networkMask>
                <gatewayAddress>10.32.47.1</gatewayAddress>
                <primaryDns></primaryDns>
                <secondaryDns></secondaryDns>
                <dnsSuffix></dnsSuffix>
                <staticIpPool></staticIpPool>
                <ipRangeStart>10.32.47.2</ipRangeStart>
                <ipRangeEnd>10.32.47.254</ipRangeEnd>
                <CIDR></CIDR>
                <shared>true</shared>
            </Network>
            <Network gatewayId="_5" dataCenterName="Home Office IPT NP (IL2-PROD-STANDARD)" dataCenterId="_4" id="_21">
                <name>HO_IPT_NP_PRP1_DABC_ESZO_APP_I1</name>
                <description>Isolated network - Data Boundary Control to the External Simulator Zone in PRP1</description>
                <fenceMode>ISOLATED</fenceMode>
                <networkMask>255.255.255.0</networkMask>
                <gatewayAddress>10.32.79.1</gatewayAddress>
                <primaryDns></primaryDns>
                <secondaryDns></secondaryDns>
                <dnsSuffix></dnsSuffix>
                <staticIpPool></staticIpPool>
                <ipRangeStart>10.32.79.2</ipRangeStart>
                <ipRangeEnd>10.32.79.254</ipRangeEnd>
                <CIDR></CIDR>
                <shared>true</shared>
            </Network>
            <Gateway id="_5">
                <name>nft000c2i2-1</name>
                <NAT id="_6">
                    <appliedOn>nft000c2i2</appliedOn>
                    <originalSourceIpOrRange>185.40.8.186</originalSourceIpOrRange>
                    <translatedSourceIpOrRange>10.16.0.5</translatedSourceIpOrRange>
                    <enabled>true</enabled>
                    <DNAT id="_7">
                        <translatedPort>22</translatedPort>
                        <protocolType>TCP</protocolType>
                        <protocolOriginalPort>22</protocolOriginalPort>
                        <protocolIcmpType></protocolIcmpType>
                    </DNAT>
                </NAT>
                <NAT id="_8">
                    <appliedOn>nft000c2i2</appliedOn>
                    <originalSourceIpOrRange>185.40.8.186</originalSourceIpOrRange>
                    <translatedSourceIpOrRange>10.16.0.3</translatedSourceIpOrRange>
                    <enabled>true</enabled>
                    <DNAT id="_9">
                        <translatedPort>80</translatedPort>
                        <protocolType>TCP</protocolType>
                        <protocolOriginalPort>80</protocolOriginalPort>
                        <protocolIcmpType></protocolIcmpType>
                    </DNAT>
                </NAT>
                <NAT id="_10">
                    <appliedOn>nft000c2i2</appliedOn>
                    <originalSourceIpOrRange>185.40.8.186</originalSourceIpOrRange>
                    <translatedSourceIpOrRange>10.16.0.3</translatedSourceIpOrRange>
                    <enabled>true</enabled>
                    <DNAT id="_11">
                        <translatedPort>443</translatedPort>
                        <protocolType>TCP</protocolType>
                        <protocolOriginalPort>443</protocolOriginalPort>
                        <protocolIcmpType></protocolIcmpType>
                    </DNAT>
                </NAT>
                <NAT id="_12">
                    <appliedOn>nft000c2i2</appliedOn>
                    <originalSourceIpOrRange>10.16.0.4</originalSourceIpOrRange>
                    <translatedSourceIpOrRange>185.40.8.186</translatedSourceIpOrRange>
                    <enabled>true</enabled>
                </NAT>
            </Gateway>
            <DataCenter id="_4">
                <name>Home Office IPT NP (IL2-PROD-STANDARD)</name>
            </DataCenter>
        </EnvironmentContainerDefinition>
    </EnvironmentContainer>
</GeographicContainer>
