"ID","INDEXNUMBER","SIZE","SIZEUNIT","BUSTYPE","BUSSUBTYPE","DEVICEMOUNT","VIRTUALMACHINEID"
