"ID","PROVIDER","CPUCOUNT","MEMORY","INTERFACECOUNT","VMROLE","PROFILE","ENABLED"
"1","AWS","2","99","99","Default","m3.large","TRUE"
