"ID","ENVIRONMENTCONTAINERDEFINITIONID","DATESTARTED","DATECOMPLETED","SUCCEEDED","PLAN","LOG","REPORT","JENKINSBUILDNUMBER","JENKINSJOBNAME","JENKINSBUILDID","ENVXML"
