"ID","NAME","DESCRIPTION","RUNTIMELEASE","STORAGELEASE","SERVICELEVEL","POWERON","DEPLOY","ENVIRONMENTDEFINITIONID","DOMAIN","DATACENTRENAME"
