"ID","NAME","VERSION","DEFINITIONTYPE","ENVIRONMENTID","CIDR"
