"ID","NAME","ENVIRONMENTCONTAINERDEFINITIONID"
"1","nft000c2i2-1","1"
