"ID","APPLIEDON","ORIGINALSOURCEIPORRANGE","TRANSLATEDSOURCEIPORRANGE","ENABLED","GATEWAYID"
"1","nft000c2i2","185.40.8.186","10.16.0.5","TRUE","1"
"2","nft000c2i2","185.40.8.186","10.16.0.3","TRUE","1"
"3","nft000c2i2","185.40.8.186","10.16.0.3","TRUE","1"
"4","nft000c2i2","10.16.0.4","185.40.8.186","TRUE","1"
