"ID","ACCOUNT","REGION","ENVIRONMENTCONTAINERID"
"1","Home Office","IPT","1"
"2","Home Office","IPT","2"
